// Jest Snapshot v1, https://goo.gl/fbAQLP

exports[`<MenuLink /> renders link 1`] = `
<div
  className="dropdown__section_item "
  role="button"
>
  <i
    className="material-icons-outlined"
  >
    phone
  </i>
  Call me
</div>
`;
